// Jest Snapshot v1, https://goo.gl/fbAQLP

exports[`Pokemon options snapshot 1`] = `
<div class="options-container">
  <ul>
    <li>charmander</li>
  </ul>
  <ul>
    <li>mew</li>
  </ul>
  <ul>
    <li>kakuna</li>
  </ul>
  <ul>
    <li>mewtwo</li>
  </ul>
</div>
`;
