// Jest Snapshot v1, https://goo.gl/fbAQLP

exports[`View Vue APP snapshot despues de cargar 1`] = `
<div>
  <h1>¿Quién es este Pokemon?</h1>
  <!--Imagen-->
  <h3></h3>
  <imagen-stub numberpokemon="4" showpokemon="false"></imagen-stub>
  <!--Opciones-->
  <opciones-stub numberreal="4" arrayhijo="[object Object],[object Object],[object Object],[object Object]" booleanname="false"></opciones-stub>
</div>
`;
